2026-05-10 23:37:51,055 - elastic_transport.transport - INFO - HEAD http://localhost:9200/ [status:N/A duration:4.106s]
2026-05-10 23:37:51,056 - elastic_transport.node_pool - WARNING - Node <Urllib3HttpNode(http://localhost:9200)> has failed for 1 times in a row, putting on 1 second timeout
2026-05-10 23:37:51,056 - elastic_transport.transport - WARNING - Retrying request after failure (attempt 0 of 1)
Traceback (most recent call last):
  File "C:\Users\Jarvi\AppData\Roaming\Python\Python39\site-packages\urllib3\connection.py", line 199, in _new_conn
    sock = connection.create_connection(
  File "C:\Users\Jarvi\AppData\Roaming\Python\Python39\site-packages\urllib3\util\connection.py", line 85, in create_connection
    raise err
  File "C:\Users\Jarvi\AppData\Roaming\Python\Python39\site-packages\urllib3\util\connection.py", line 73, in create_connection
    sock.connect(sa)
ConnectionRefusedError: [WinError 10061] No connection could be made because the target machine actively refused it

The above exception was the direct cause of the following exception:

Traceback (most recent call last):
  File "C:\Users\Jarvi\AppData\Roaming\Python\Python39\site-packages\elastic_transport\_node\_http_urllib3.py", line 167, in perform_request
    response = self.pool.urlopen(
  File "C:\Users\Jarvi\AppData\Roaming\Python\Python39\site-packages\urllib3\connectionpool.py", line 843, in urlopen
    retries = retries.increment(
  File "C:\Users\Jarvi\AppData\Roaming\Python\Python39\site-packages\urllib3\util\retry.py", line 449, in increment
    raise reraise(type(error), error, _stacktrace)
  File "C:\Users\Jarvi\AppData\Roaming\Python\Python39\site-packages\urllib3\util\util.py", line 39, in reraise
    raise value
  File "C:\Users\Jarvi\AppData\Roaming\Python\Python39\site-packages\urllib3\connectionpool.py", line 789, in urlopen
    response = self._make_request(
  File "C:\Users\Jarvi\AppData\Roaming\Python\Python39\site-packages\urllib3\connectionpool.py", line 495, in _make_request
    conn.request(
  File "C:\Users\Jarvi\AppData\Roaming\Python\Python39\site-packages\urllib3\connection.py", line 441, in request
    self.endheaders()
  File "C:\Program Files\Python39\lib\http\client.py", line 1280, in endheaders
    self._send_output(message_body, encode_chunked=encode_chunked)
  File "C:\Program Files\Python39\lib\http\client.py", line 1040, in _send_output
    self.send(msg)
  File "C:\Program Files\Python39\lib\http\client.py", line 980, in send
    self.connect()
  File "C:\Users\Jarvi\AppData\Roaming\Python\Python39\site-packages\urllib3\connection.py", line 279, in connect
    self.sock = self._new_conn()
  File "C:\Users\Jarvi\AppData\Roaming\Python\Python39\site-packages\urllib3\connection.py", line 214, in _new_conn
    raise NewConnectionError(
urllib3.exceptions.NewConnectionError: <urllib3.connection.HTTPConnection object at 0x00000272D3AD1AF0>: Failed to establish a new connection: [WinError 10061] No connection could be made because the target machine actively refused it

The above exception was the direct cause of the following exception:

Traceback (most recent call last):
  File "C:\Users\Jarvi\AppData\Roaming\Python\Python39\site-packages\elastic_transport\_transport.py", line 342, in perform_request
    resp = node.perform_request(
  File "C:\Users\Jarvi\AppData\Roaming\Python\Python39\site-packages\elastic_transport\_node\_http_urllib3.py", line 202, in perform_request
    raise err from e
elastic_transport.ConnectionError: Connection error caused by: NewConnectionError(<urllib3.connection.HTTPConnection object at 0x00000272D3AD1AF0>: Failed to establish a new connection: [WinError 10061] No connection could be made because the target machine actively refused it)
2026-05-10 23:37:55,139 - elastic_transport.transport - INFO - HEAD http://localhost:9200/ [status:N/A duration:4.080s]
2026-05-10 23:37:55,140 - elastic_transport.node_pool - WARNING - Node <Urllib3HttpNode(http://localhost:9200)> has failed for 2 times in a row, putting on 2 second timeout
2026-05-10 23:37:55,767 - werkzeug - INFO - [31m[1mWARNING: This is a development server. Do not use it in a production deployment. Use a production WSGI server instead.[0m
 * Running on all addresses (0.0.0.0)
 * Running on http://127.0.0.1:5000
 * Running on http://192.168.29.33:5000
2026-05-10 23:37:55,768 - werkzeug - INFO - [33mPress CTRL+C to quit[0m
2026-05-10 23:38:01,825 - werkzeug - INFO - 127.0.0.1 - - [10/May/2026 23:38:01] "GET / HTTP/1.1" 200 -
2026-05-10 23:38:02,769 - werkzeug - INFO - 127.0.0.1 - - [10/May/2026 23:38:02] "GET /static/js/app.js HTTP/1.1" 200 -
2026-05-10 23:38:02,770 - werkzeug - INFO - 127.0.0.1 - - [10/May/2026 23:38:02] "GET /static/css/style.css HTTP/1.1" 200 -
2026-05-10 23:38:02,834 - werkzeug - INFO - 127.0.0.1 - - [10/May/2026 23:38:02] "GET /api/get_categories HTTP/1.1" 200 -
2026-05-10 23:38:02,839 - werkzeug - INFO - 127.0.0.1 - - [10/May/2026 23:38:02] "GET /api/get_stats HTTP/1.1" 200 -
2026-05-10 23:38:02,949 - werkzeug - INFO - 127.0.0.1 - - [10/May/2026 23:38:02] "[33mGET /favicon.ico HTTP/1.1[0m" 404 -
